OpenROAD b16bda7e82721d10566ff7e2b68f1ff0be9f9e38 
Features included (+) or not (-): +Charts +GPU +GUI +Python
This program is licensed under the BSD-3 license. See the LICENSE file for details.
Components of this program may be licensed under more restrictive licenses which must be honored.
define_corners Typical
read_liberty -corner Typical /pdk/sky130A/libs.ref/sky130_fd_sc_hd/lib/sky130_fd_sc_hd__tt_025C_1v80.lib
Using 1e-12 for capacitance...
Using 1e+03 for resistance...
Using 1e-09 for time...
Using 1e+00 for voltage...
Using 1e-03 for current...
Using 1e-09 for power...
Using 1e-06 for distance...
[INFO]: Reading ODB at '/openlane/designs/ace_design/runs/ace_run/tmp/floorplan/3-initial_fp.odb'…
Reading design constraints file at '/openlane/designs/ace_design/src/ibex_core.sdc'…
Found 0 macro blocks.
[INFO PPL-0010] Tentative 0 to set up sections.
[INFO PPL-0001] Number of slots           692
[INFO PPL-0002] Number of I/O             264
[INFO PPL-0003] Number of I/O w/sink      256
[INFO PPL-0004] Number of I/O w/o sink    8
[INFO PPL-0005] Slots per section         200
[INFO PPL-0006] Slots increase factor     0.01
[INFO PPL-0008] Successfully assigned pins to sections.
[INFO PPL-0012] I/O nets HPWL: 103169.04 um.
Writing OpenROAD database to '/openlane/designs/ace_design/runs/ace_run/tmp/floorplan/4-io.odb'…
Writing layout to '/openlane/designs/ace_design/runs/ace_run/tmp/floorplan/4-io.def'…
