[2026-09-12T10:41:21+00:00] Job dir: /data/ace-openroad-jobs/owners/ibex_tapeout_run_1/jobs/ol_ibex_core_ibex_core_mty98xin
[2026-09-12T10:41:21+00:00] Design: ace_design  PDK: sky130A  Image: efabless/openlane:e73fb3c57e687a0023fcd4dcfd1566ecd478362a
[2026-09-12T10:41:21+00:00] Stage stop: ACE_OPENLANE_UNTIL=all overwrite=1
[2026-09-12T10:41:21+00:00] Mode: local docker (OpenLane stage-limited interactive)
=== OpenLane env ===
PDK_ROOT=/pdk PDK=sky130A UNTIL=all OVERWRITE=1
/root/.nix-profile/bin/flow.tcl
total 16
drwxr-xr-x 3 root root 4096 Sep 12 10:41 .
drwxr-xr-x 3 root root 4096 Sep 12 10:41 ..
-rw-r--r-- 1 root root 1219 Sep 12 10:41 config.json
drwxr-xr-x 2 root root 4096 Sep 12 10:41 src
total 448
drwxr-xr-x 2 root root   4096 Sep 12 10:41 .
drwxr-xr-x 3 root root   4096 Sep 12 10:41 ..
-rw-r--r-- 1 root root   2765 Sep 12 10:41 ibex_core.sdc
-rw-r--r-- 1 root root 445057 Sep 12 10:41 ibex_core.v
OpenLane v1.1.1 ()
All rights reserved. (c) 2020-2024 Efabless Corporation and contributors.
Available under the Apache License, version 2.0. See the LICENSE file for more details.

ACE-Seek OpenLane stage runner: until=all overwrite=1 design=/openlane/designs/ace_design tag=ace_run
ACE-Seek: prep (fresh/overwrite) → /openlane/designs/ace_design/runs/ace_run
[INFO]: Using configuration in 'config.json'...
[INFO]: Process Design Kit: sky130A
[INFO]: PDK Root: /pdk
[INFO]: Standard Cell Library: sky130_fd_sc_hd
[INFO]: Optimization Standard Cell Library: sky130_fd_sc_hd
[INFO]: Run Directory: /openlane/designs/ace_design/runs/ace_run
[WARNING]: DIODE_INSERTION_STRATEGY is now deprecated; use GRT_REPAIR_ANTENNAS, DIODE_ON_PORTS and RUN_HEURISTIC_DIODE_INSERTION instead.
[INFO]: DIODE_INSERTION_STRATEGY set to 3. Setting GRT_REPAIR_ANTENNAS to 1
[INFO]: Saving runtime environment...
[INFO]: Preparing LEF files for the nom corner...
[INFO]: Preparing LEF files for the min corner...
[INFO]: Preparing LEF files for the max corner...
ACE-Seek: until=all rank=99 skip_synth=0 external_synth=0 skip_fp=0 skip_place=0 skip_cts=0 skip_route=0
ACE-Seek: === step synthesis ===
[STEP 1]
[INFO]: Running Synthesis (log: runs/ace_run/logs/synthesis/1-synthesis.log)...
[STEP 2]
[INFO]: Running Single-Corner Static Timing Analysis (log: runs/ace_run/logs/synthesis/2-sta.log)...
ACE-Seek: === step synthesis OK ===
ACE-Seek: rewind for floorplan — CURRENT_NETLIST: /openlane/designs/ace_design/runs/ace_run/results/synthesis/ibex_core.v → /openlane/designs/ace_design/runs/ace_run/results/synthesis/ibex_core.v
ACE-Seek: clearing CURRENT_DEF (was 0)
ACE-Seek: clearing CURRENT_ODB (was 0)
ACE-Seek: clearing CURRENT_GUIDE (was 0)
ACE-Seek: clearing CURRENT_POWERED_NETLIST (was 0)
ACE-Seek: clearing CURRENT_SDC (was /openlane/designs/ace_design/src/ibex_core.sdc)
ACE-Seek: clearing CURRENT_SDF (was /openlane/designs/ace_design/runs/ace_run/results/synthesis/ibex_core.sdf)
ACE-Seek: clearing CURRENT_LIB (was /openlane/designs/ace_design/runs/ace_run/results/synthesis/ibex_core.lib)
ACE-Seek: reset CURRENT_INDEX 2 → 2
ACE-Seek: WARNING — no pin_order.cfg found; IO placer may put all pins on one edge
ACE-Seek: PDN rings ON multilayer=1 Vw=1.6 Hw=1.6 Voff=6 Hoff=6
ACE-Seek: === step floorplan ===
[STEP 3]
[INFO]: Running Initial Floorplanning (log: runs/ace_run/logs/floorplan/3-initial_fp.log)...
[INFO]: Floorplanned with width 553.84 and height 552.16.
[STEP 4]
[INFO]: Running IO Placement (log: runs/ace_run/logs/floorplan/4-io.log)...
[STEP 5]
[INFO]: Running Tap/Decap Insertion (log: runs/ace_run/logs/floorplan/5-tap.log)...
[INFO]: Power planning with power {VPWR} and ground {VGND}...
[STEP 6]
[INFO]: Generating PDN (log: runs/ace_run/logs/floorplan/6-pdn.log)...
ACE-Seek: === step floorplan OK ===
ACE-Seek: === step placement ===
[STEP 7]
[INFO]: Running Global Placement (skip_io) (log: runs/ace_run/logs/placement/6-global_skip_io.log)...
[STEP 8]
[INFO]: Running Single-Corner Static Timing Analysis (log: runs/ace_run/logs/placement/8-gpl_sta.log)...
[STEP 9]
[INFO]: Running IO Placement (log: runs/ace_run/logs/placement/9-io.log)...
[STEP 10]
[INFO]: Running Global Placement (log: runs/ace_run/logs/placement/9-global.log)...
[STEP 11]
[INFO]: Running Single-Corner Static Timing Analysis (log: runs/ace_run/logs/placement/11-gpl_sta.log)...
[STEP 12]
[INFO]: Running Placement Resizer Design Optimizations (log: runs/ace_run/logs/placement/12-resizer.log)...
[STEP 13]
[INFO]: Running Detailed Placement (log: runs/ace_run/logs/placement/13-detailed.log)...
[STEP 14]
[INFO]: Running Single-Corner Static Timing Analysis (log: runs/ace_run/logs/placement/14-dpl_sta.log)...
ACE-Seek: === step placement OK ===
ACE-Seek: === step placement_reports ===
[STEP 15]
[INFO]: Running Single-Corner Static Timing Analysis (log: runs/ace_run/logs/placement/15-ace_post_place_sta.log)...
ACE-Seek: === step placement_reports OK ===
ACE-Seek: wrote /openlane/results_out/placement_timing_bundle.rpt
ACE-Seek: wrote /openlane/results_out/placement_power_bundle.rpt
ACE-Seek: wrote /openlane/results_out/placement_area_util.rpt
ACE-Seek: wrote /openlane/results_out/placement_metrics_summary.rpt
ACE-Seek: === placement metrics summary ===
Design area 128125 u^2 42% utilization.
Design area 127585 u^2 42% utilization.
Design area 127585 u^2 42% utilization.
Design area 127585 u^2 42% utilization.
Design area 128125 u^2 42% utilization.
ACE-Seek: === end placement metrics ===
ACE-Seek: === step cts ===
[STEP 16]
[INFO]: Running Clock Tree Synthesis (log: runs/ace_run/logs/cts/16-cts.log)...
[STEP 17]
[INFO]: Running Single-Corner Static Timing Analysis (log: runs/ace_run/logs/cts/17-cts_sta.log)...
ACE-Seek: === step cts OK ===
ACE-Seek: === step routing ===
[STEP 18]
[INFO]: Running Global Routing Resizer Design Optimizations (log: runs/ace_run/logs/routing/18-resizer_design.log)...
[STEP 19]
[INFO]: Running Single-Corner Static Timing Analysis (log: runs/ace_run/logs/routing/19-rsz_design_sta.log)...
[STEP 20]
[INFO]: Running Global Routing Resizer Timing Optimizations (log: runs/ace_run/logs/routing/20-resizer_timing.log)...
[STEP 21]
[INFO]: Running Single-Corner Static Timing Analysis (log: runs/ace_run/logs/routing/21-rsz_timing_sta.log)...
[STEP 22]
[INFO]: Running Global Routing (log: runs/ace_run/logs/routing/22-global.log)...
[STEP 23]
[INFO]: Writing Verilog (log: runs/ace_run/logs/routing/22-global_write_netlist.log)...
[STEP 24]
[INFO]: Running Single-Corner Static Timing Analysis (log: runs/ace_run/logs/routing/24-grt_sta.log)...
[STEP 25]
[INFO]: Running Fill Insertion (log: runs/ace_run/logs/routing/25-fill.log)...
[STEP 26]
[INFO]: Running Detailed Routing (log: runs/ace_run/logs/routing/26-detailed.log)...
[STEP 27]
[INFO]: Checking Wire Lengths (log: runs/ace_run/logs/routing/27-wire_lengths.log)...
ACE-Seek: === step routing OK ===
[STEP 28]
[INFO]: Running SPEF Extraction at the min process corner (log: runs/ace_run/logs/signoff/28-parasitics_extraction.min.log)...
[STEP 29]
[INFO]: Running Multi-Corner Static Timing Analysis at the min process corner (log: runs/ace_run/logs/signoff/29-rcx_mcsta.min.log)...
