# Ace-Seek placement TIMING
# source=14-dpl_sta.log

worst slack corner Typical: 0.1829
worst slack corner Typical: 1.6715
report_tns
tns 0.00
report_wns
wns 0.00
report_worst_slack -max (Setup)
worst slack 1.67
report_worst_slack -min (Hold)
worst slack 0.18

report_wns
============================================================================
wns 0.00

===========================================================================
report_worst_slack -max (Setup)

report_tns
============================================================================
tns 0.00

===========================================================================
report_wns

report_worst_slack -max (Setup)
============================================================================
worst slack 1.67

===========================================================================
report_worst_slack -min (Hold)
============================================================================
worst slack 0.18
summary_report_end
area_report

===========================================================================
report_design_area
