# Ace-Seek placement POWER
# source=14-dpl_sta.log

 report_power
============================================================================
======================= Typical Corner ===================================

Group                  Internal  Switching    Leakage      Total
                          Power      Power      Power      Power (Watts)
----------------------------------------------------------------
Sequential             6.95e-03   1.52e-03   2.32e-08   8.48e-03  30.2%
Combinational          8.37e-03   1.09e-02   3.72e-08   1.92e-02  68.6%
Clock                 -7.14e-07   3.41e-04   1.32e-09   3.40e-04   1.2%
Macro                  0.00e+00   0.00e+00   0.00e+00   0.00e+00   0.0%
Pad                    0.00e+00   0.00e+00   0.00e+00   0.00e+00   0.0%
----------------------------------------------------------------
Total                  1.53e-02   1.27e-02   6.18e-08   2.81e-02 100.0%
                          54.6%      45.4%       0.0%

power_report_end
skew_report

===========================================================================
report_clock_skew
Group                  Internal  Switching    Leakage      Total
Sequential             6.95e-03   1.52e-03   2.32e-08   8.48e-03  30.2%
Combinational          8.37e-03   1.09e-02   3.72e-08   1.92e-02  68.6%
Total                  1.53e-02   1.27e-02   6.18e-08   2.81e-02 100.0%
